== test-endpoint.js ==
Requesting: http://localhost:3000/api/postcards/550e8400-e29b-41d4-a716-446655440001
{
  "success": true,
  "data": {
    "id": "550e8400-e29b-41d4-a716-446655440001",
    "status": "ready",
    "image_url": "https://trae-api-us.mchost.guru/api/ide/v1/text_to_image?prompt=beautiful%20sunset%20landscape%20with%20mountains%20and%20lake%20high%20contrast%20detailed%20texture&image_size=square_hd",
    "video_url": "https://commondatastorage.googleapis.com/gtv-videos-bucket/sample/BigBuckBunny.mp4",
    "nft_descriptors": {
      "files": {
        "fset": "https://cdn.jsdelivr.net/gh/AR-js-org/AR.js@3.4.5/data/dataNFT/pinball.fset",
        "iset": "https://cdn.jsdelivr.net/gh/AR-js-org/AR.js@3.4.5/data/dataNFT/pinball.iset",
        "fset3": "https://cdn.jsdelivr.net/gh/AR-js-org/AR.js@3.4.5/data/dataNFT/pinball.fset3"
      },
      "generated": true,
      "timestamp": "2024-12-15T00:00:00Z",
      "descriptorUrl": "https://cdn.jsdelivr.net/gh/AR-js-org/AR.js@3.4.5/data/dataNFT/pinball"
    },
    "title": "Postal AR de Prueba",
    "description": "Una postal de prueba para demostrar la funcionalidad de realidad aumentada",
    "created_at": "2025-08-15T17:56:41.079094+00:00"
  }
}

Has NFT descriptors: true
== scripts/test-video-download.js ==
Fetching postcard: http://localhost:3000/api/postcards/550e8400-e29b-41d4-a716-446655440001
[API] status: 200
video_url: https://commondatastorage.googleapis.com/gtv-videos-bucket/sample/BigBuckBunny.mp4
[HEAD] status: 200
[HEAD] content-type: video/mp4
[HEAD] content-length: 158008374
[HEAD] accept-ranges: bytes
[RANGE] status: 206
[RANGE] content-range: bytes 0-1023/158008374
[RANGE] bytes downloaded: 1024
== scripts/test-camera-params.js ==
Testing: http://localhost:3000/api/ar/camera-params
[HEAD] status: 200
[HEAD] content-type: null
[HEAD] cache-control: no-cache, no-store, must-revalidate, no-store
[GET] status: 200
[GET] content-type: application/octet-stream
[GET] bytes: 176
